
> syndic-mvp@0.1.0 build
> next build

Γû▓ Next.js 16.1.6 (Turbopack)
- Environments: .env

node.exe : ΓÜá The "middleware" file convention is deprecated. 
Please use "proxy" instead. Learn more: 
https://nextjs.org/docs/messages/middleware-to-proxy
At line:1 char:1
+ & "C:\Program Files\nodejs/node.exe" "C:\Program 
Files\nodejs/node_mo ...
+ ~~~~~~~~~~~~~~~~~~~~~~~~~~~~~~~~~~~~~~~~~~~~~~~~~~~~~~~~~~~~~~~
~~~~~~
    + CategoryInfo          : NotSpecified: (ΓÜá The "middle...l 
   eware-to-proxy:String) [], RemoteException
    + FullyQualifiedErrorId : NativeCommandError
 
  Creating an optimized production build ...
Γ£ô Compiled successfully in 7.6s
  Running TypeScript ...
Failed to compile.

./src/app/api/import/receipts/route.ts:268:15
Type error: Expected 2 arguments, but got 3.

[0m [90m 266 |[39m               
item[33m.[39mownership[33m.[39mstartDate[33m,[39m
 [90m 267 |[39m               startYear[33m,[39m
[31m[1m>[22m[39m[90m 268 |[39m               
startMonth[33m,[39m
 [90m     |[39m               [31m[1m^[22m[39m
 [90m 269 |[39m             )[33m;[39m
 [90m 270 |[39m             [36mconst[39m fiscalYear 
[33m=[39m 
item[33m.[39mreceiptDate[33m.[39mgetUTCFullYear()[33m;[39m
 [90m 271 |[39m             [90m// Auto-allouer les 
cotisations selon globalFixedAmount[39m[0m
Next.js build worker exited with code: 1 and signal: null
